MiddleFuture first poll
MiddleFuture::drop()
done
